JVM info: Microsoft - 21.0.7 - 21.0.7+6-LTS
java.net.preferIPv4Stack=true
Current Time: 31/05/2026 17:50:24
Host: maven.neoforged.net [109.61.91.231, 109.61.91.195, 109.61.91.197]
Host: libraries.minecraft.net [150.171.109.113]
Host: launchermeta.mojang.com [150.171.109.118]
Host: piston-meta.mojang.com [150.171.109.70]
Host: sessionserver.mojang.com [150.171.109.115]
Found java version 21.0.7
Target Directory: .
Following redirect: https://neoforged.net/mirrorlist.json
Considering Minecraft server jar
Downloading library from https://piston-meta.mojang.com/v1/packages/a0d878d56cf86106a3a51287561e2977ccf301d0/1.21.11.json
	Download completed: Checksum validated.
Downloading library from https://piston-data.mojang.com/v1/objects/64bb6d763bed0a9f1d632ec347938594144943ed/server.jar
	Download completed: Checksum validated.
Downloading libraries
Found 0 additional library directories
Considering library net.neoforged.fancymodloader:earlydisplay:10.0.36
Downloading library from https://maven.neoforged.net/releases/net/neoforged/fancymodloader/earlydisplay/10.0.36/earlydisplay-10.0.36.jar
	Download completed: Checksum validated.
Considering library net.neoforged.fancymodloader:loader:10.0.36
Downloading library from https://maven.neoforged.net/releases/net/neoforged/fancymodloader/loader/10.0.36/loader-10.0.36.jar
	Download completed: Checksum validated.
Considering library net.neoforged:accesstransformers:11.0.2
Downloading library from https://maven.neoforged.net/releases/net/neoforged/accesstransformers/11.0.2/accesstransformers-11.0.2.jar
	Download completed: Checksum validated.
Considering library org.ow2.asm:asm-commons:9.8
Downloading library from https://maven.neoforged.net/releases/org/ow2/asm/asm-commons/9.8/asm-commons-9.8.jar
	Download completed: Checksum validated.
Considering library net.neoforged:mergetool:2.0.0:api
Downloading library from https://maven.neoforged.net/releases/net/neoforged/mergetool/2.0.0/mergetool-2.0.0-api.jar
	Download completed: Checksum validated.
Considering library org.ow2.asm:asm-util:9.8
Downloading library from https://maven.neoforged.net/releases/org/ow2/asm/asm-util/9.8/asm-util-9.8.jar
	Download completed: Checksum validated.
Considering library org.ow2.asm:asm-analysis:9.8
Downloading library from https://maven.neoforged.net/releases/org/ow2/asm/asm-analysis/9.8/asm-analysis-9.8.jar
	Download completed: Checksum validated.
Considering library org.ow2.asm:asm-tree:9.8
Downloading library from https://maven.neoforged.net/releases/org/ow2/asm/asm-tree/9.8/asm-tree-9.8.jar
	Download completed: Checksum validated.
Considering library net.neoforged:bus:8.0.5
Downloading library from https://maven.neoforged.net/releases/net/neoforged/bus/8.0.5/bus-8.0.5.jar
	Download completed: Checksum validated.
Considering library org.ow2.asm:asm:9.8
Downloading library from https://maven.neoforged.net/releases/org/ow2/asm/asm/9.8/asm-9.8.jar
	Download completed: Checksum validated.
Considering library com.electronwill.night-config:toml:3.8.3
Downloading library from https://maven.neoforged.net/releases/com/electronwill/night-config/toml/3.8.3/toml-3.8.3.jar
	Download completed: Checksum validated.
Considering library com.electronwill.night-config:core:3.8.3
Downloading library from https://maven.neoforged.net/releases/com/electronwill/night-config/core/3.8.3/core-3.8.3.jar
	Download completed: Checksum validated.
Considering library net.neoforged:JarJarSelector:0.5.0
Downloading library from https://maven.neoforged.net/releases/net/neoforged/JarJarSelector/0.5.0/JarJarSelector-0.5.0.jar
	Download completed: Checksum validated.
Considering library net.neoforged:JarJarMetadata:0.5.0
Downloading library from https://maven.neoforged.net/releases/net/neoforged/JarJarMetadata/0.5.0/JarJarMetadata-0.5.0.jar
	Download completed: Checksum validated.
Considering library org.apache.maven:maven-artifact:3.9.9
Downloading library from https://maven.neoforged.net/releases/org/apache/maven/maven-artifact/3.9.9/maven-artifact-3.9.9.jar
	Download completed: Checksum validated.
Considering library net.jodah:typetools:0.6.3
Downloading library from https://maven.neoforged.net/releases/net/jodah/typetools/0.6.3/typetools-0.6.3.jar
	Download completed: Checksum validated.
Considering library net.minecrell:terminalconsoleappender:1.3.0
Downloading library from https://maven.neoforged.net/releases/net/minecrell/terminalconsoleappender/1.3.0/terminalconsoleappender-1.3.0.jar
	Download completed: Checksum validated.
Considering library net.fabricmc:sponge-mixin:0.16.5+mixin.0.8.7
Downloading library from https://maven.neoforged.net/releases/net/fabricmc/sponge-mixin/0.16.5+mixin.0.8.7/sponge-mixin-0.16.5+mixin.0.8.7.jar
	Download completed: Checksum validated.
Considering library net.neoforged.accesstransformers:at-parser:11.0.2
Downloading library from https://maven.neoforged.net/releases/net/neoforged/accesstransformers/at-parser/11.0.2/at-parser-11.0.2.jar
	Download completed: Checksum validated.
Considering library org.jline:jline-reader:3.20.0
Downloading library from https://maven.neoforged.net/releases/org/jline/jline-reader/3.20.0/jline-reader-3.20.0.jar
	Download completed: Checksum validated.
Considering library org.jline:jline-terminal:3.20.0
Downloading library from https://maven.neoforged.net/releases/org/jline/jline-terminal/3.20.0/jline-terminal-3.20.0.jar
	Download completed: Checksum validated.
Considering library net.minecraftforge:srgutils:0.4.15
Downloading library from https://maven.neoforged.net/releases/net/minecraftforge/srgutils/0.4.15/srgutils-0.4.15.jar
	Download completed: Checksum validated.
Considering library com.google.guava:listenablefuture:9999.0-empty-to-avoid-conflict-with-guava
Downloading library from https://libraries.minecraft.net/com/google/guava/listenablefuture/9999.0-empty-to-avoid-conflict-with-guava/listenablefuture-9999.0-empty-to-avoid-conflict-with-guava.jar
	Download completed: Checksum validated.
Considering library com.google.errorprone:error_prone_annotations:2.41.0
Downloading library from https://libraries.minecraft.net/com/google/errorprone/error_prone_annotations/2.41.0/error_prone_annotations-2.41.0.jar
	Download completed: Checksum validated.
Considering library com.google.j2objc:j2objc-annotations:3.1
Downloading library from https://libraries.minecraft.net/com/google/j2objc/j2objc-annotations/3.1/j2objc-annotations-3.1.jar
	Download completed: Checksum validated.
Considering library org.codehaus.plexus:plexus-utils:3.5.1
Downloading library from https://maven.neoforged.net/releases/org/codehaus/plexus/plexus-utils/3.5.1/plexus-utils-3.5.1.jar
	Download completed: Checksum validated.
Considering library net.neoforged.fancymodloader:earlydisplay:10.0.36
File ./libraries/net/neoforged/fancymodloader/earlydisplay/10.0.36/earlydisplay-10.0.36.jar exists. Checksum valid.
Considering library net.neoforged.fancymodloader:loader:10.0.36
File ./libraries/net/neoforged/fancymodloader/loader/10.0.36/loader-10.0.36.jar exists. Checksum valid.
Considering library net.neoforged:accesstransformers:11.0.2
File ./libraries/net/neoforged/accesstransformers/11.0.2/accesstransformers-11.0.2.jar exists. Checksum valid.
Considering library org.ow2.asm:asm-commons:9.8
File ./libraries/org/ow2/asm/asm-commons/9.8/asm-commons-9.8.jar exists. Checksum valid.
Considering library net.neoforged:mergetool:2.0.0:api
File ./libraries/net/neoforged/mergetool/2.0.0/mergetool-2.0.0-api.jar exists. Checksum valid.
Considering library org.ow2.asm:asm-util:9.8
File ./libraries/org/ow2/asm/asm-util/9.8/asm-util-9.8.jar exists. Checksum valid.
Considering library org.ow2.asm:asm-analysis:9.8
File ./libraries/org/ow2/asm/asm-analysis/9.8/asm-analysis-9.8.jar exists. Checksum valid.
Considering library org.ow2.asm:asm-tree:9.8
File ./libraries/org/ow2/asm/asm-tree/9.8/asm-tree-9.8.jar exists. Checksum valid.
Considering library net.neoforged:bus:8.0.5
File ./libraries/net/neoforged/bus/8.0.5/bus-8.0.5.jar exists. Checksum valid.
Considering library org.ow2.asm:asm:9.8
File ./libraries/org/ow2/asm/asm/9.8/asm-9.8.jar exists. Checksum valid.
Considering library com.electronwill.night-config:toml:3.8.3
File ./libraries/com/electronwill/night-config/toml/3.8.3/toml-3.8.3.jar exists. Checksum valid.
Considering library com.electronwill.night-config:core:3.8.3
File ./libraries/com/electronwill/night-config/core/3.8.3/core-3.8.3.jar exists. Checksum valid.
Considering library net.neoforged:JarJarSelector:0.5.0
File ./libraries/net/neoforged/JarJarSelector/0.5.0/JarJarSelector-0.5.0.jar exists. Checksum valid.
Considering library net.neoforged:JarJarMetadata:0.5.0
File ./libraries/net/neoforged/JarJarMetadata/0.5.0/JarJarMetadata-0.5.0.jar exists. Checksum valid.
Considering library org.apache.maven:maven-artifact:3.9.9
File ./libraries/org/apache/maven/maven-artifact/3.9.9/maven-artifact-3.9.9.jar exists. Checksum valid.
Considering library net.jodah:typetools:0.6.3
File ./libraries/net/jodah/typetools/0.6.3/typetools-0.6.3.jar exists. Checksum valid.
Considering library net.minecrell:terminalconsoleappender:1.3.0
File ./libraries/net/minecrell/terminalconsoleappender/1.3.0/terminalconsoleappender-1.3.0.jar exists. Checksum valid.
Considering library net.fabricmc:sponge-mixin:0.16.5+mixin.0.8.7
File ./libraries/net/fabricmc/sponge-mixin/0.16.5+mixin.0.8.7/sponge-mixin-0.16.5+mixin.0.8.7.jar exists. Checksum valid.
Considering library net.neoforged.accesstransformers:at-parser:11.0.2
File ./libraries/net/neoforged/accesstransformers/at-parser/11.0.2/at-parser-11.0.2.jar exists. Checksum valid.
Considering library org.jline:jline-reader:3.20.0
File ./libraries/org/jline/jline-reader/3.20.0/jline-reader-3.20.0.jar exists. Checksum valid.
Considering library org.jline:jline-terminal:3.20.0
File ./libraries/org/jline/jline-terminal/3.20.0/jline-terminal-3.20.0.jar exists. Checksum valid.
Considering library org.lwjgl:lwjgl-tinyfd:3.3.3
Downloading library from https://libraries.minecraft.net/org/lwjgl/lwjgl-tinyfd/3.3.3/lwjgl-tinyfd-3.3.3.jar
	Download completed: Checksum validated.
Considering library org.lwjgl:lwjgl:3.3.3
Downloading library from https://libraries.minecraft.net/org/lwjgl/lwjgl/3.3.3/lwjgl-3.3.3.jar
	Download completed: Checksum validated.
Considering library net.minecraftforge:srgutils:0.4.15
File ./libraries/net/minecraftforge/srgutils/0.4.15/srgutils-0.4.15.jar exists. Checksum valid.
Considering library com.google.guava:listenablefuture:9999.0-empty-to-avoid-conflict-with-guava
File ./libraries/com/google/guava/listenablefuture/9999.0-empty-to-avoid-conflict-with-guava/listenablefuture-9999.0-empty-to-avoid-conflict-with-guava.jar exists. Checksum valid.
Considering library com.google.errorprone:error_prone_annotations:2.41.0
File ./libraries/com/google/errorprone/error_prone_annotations/2.41.0/error_prone_annotations-2.41.0.jar exists. Checksum valid.
Considering library com.google.j2objc:j2objc-annotations:3.1
File ./libraries/com/google/j2objc/j2objc-annotations/3.1/j2objc-annotations-3.1.jar exists. Checksum valid.
Considering library org.codehaus.plexus:plexus-utils:3.5.1
File ./libraries/org/codehaus/plexus/plexus-utils/3.5.1/plexus-utils-3.5.1.jar exists. Checksum valid.
Considering library net.neoforged:neoform:1.21.11-20251209.172050:mappings@tsrg.lzma
Downloading library from https://maven.neoforged.net/releases/net/neoforged/neoform/1.21.11-20251209.172050/neoform-1.21.11-20251209.172050-mappings.tsrg.lzma
	Download completed: Checksum validated.
Considering library net.neoforged.installertools:installertools:4.0.6:fatjar
Downloading library from https://maven.neoforged.net/releases/net/neoforged/installertools/installertools/4.0.6/installertools-4.0.6-fatjar.jar
	Download completed: Checksum validated.
Considering library net.neoforged:neoforge:21.11.42:universal
Downloading library from https://maven.neoforged.net/releases/net/neoforged/neoforge/21.11.42/neoforge-21.11.42-universal.jar
	Download completed: Checksum validated.
Created Temporary Directory: /tmp/neoforge_installer14254239776374140275
  Extracting: /data/client.lzma
Building Processors
===============================================================================
Processor: net.neoforged.installertools:installertools -> EXTRACT_FILES
  MainClass: net.neoforged.installertools.ConsoleTool
  Classpath:
    /workspaces/gaga_ga/servidor_minecraft/./libraries/net/neoforged/installertools/installertools/4.0.6/installertools-4.0.6-fatjar.jar
    /workspaces/gaga_ga/servidor_minecraft/./libraries/net/neoforged/installertools/installertools/4.0.6/installertools-4.0.6-fatjar.jar
  Args: --task, EXTRACT_FILES, --archive, /workspaces/gaga_ga/servidor_minecraft/neoforge-21.11.42-installer.jar, --from, data/run.sh, --to, /workspaces/gaga_ga/servidor_minecraft/./run.sh, --exec, /workspaces/gaga_ga/servidor_minecraft/./run.sh, --from, data/run.bat, --to, /workspaces/gaga_ga/servidor_minecraft/./run.bat, --from, data/user_jvm_args.txt, --to, /workspaces/gaga_ga/servidor_minecraft/./user_jvm_args.txt, --optional, /workspaces/gaga_ga/servidor_minecraft/./user_jvm_args.txt, --from, data/win_args.txt, --to, /workspaces/gaga_ga/servidor_minecraft/./libraries/net/neoforged/neoforge/21.11.42/win_args.txt, --from, data/unix_args.txt, --to, /workspaces/gaga_ga/servidor_minecraft/./libraries/net/neoforged/neoforge/21.11.42/unix_args.txt
Task: EXTRACT_FILES
Archive: /workspaces/gaga_ga/servidor_minecraft/neoforge-21.11.42-installer.jar
Extract: data/run.sh
         /workspaces/gaga_ga/servidor_minecraft/./run.sh
Extract: data/run.bat
         /workspaces/gaga_ga/servidor_minecraft/./run.bat
Extract: data/user_jvm_args.txt
         /workspaces/gaga_ga/servidor_minecraft/./user_jvm_args.txt
Extract: data/win_args.txt
         /workspaces/gaga_ga/servidor_minecraft/./libraries/net/neoforged/neoforge/21.11.42/win_args.txt
Extract: data/unix_args.txt
         /workspaces/gaga_ga/servidor_minecraft/./libraries/net/neoforged/neoforge/21.11.42/unix_args.txt
Exec:    /workspaces/gaga_ga/servidor_minecraft/./run.sh
===============================================================================
Processor: net.neoforged.installertools:installertools -> DOWNLOAD_MOJMAPS
  MainClass: net.neoforged.installertools.ConsoleTool
  Classpath:
    /workspaces/gaga_ga/servidor_minecraft/./libraries/net/neoforged/installertools/installertools/4.0.6/installertools-4.0.6-fatjar.jar
    /workspaces/gaga_ga/servidor_minecraft/./libraries/net/neoforged/installertools/installertools/4.0.6/installertools-4.0.6-fatjar.jar
  Args: --task, DOWNLOAD_MOJMAPS, --version, 1.21.11, --side, server, --output, /workspaces/gaga_ga/servidor_minecraft/./libraries/net/minecraft/server/1.21.11/server-1.21.11-mappings.txt
Task: DOWNLOAD_MOJMAPS
MC Version: 1.21.11
Side:       server
Output:     /workspaces/gaga_ga/servidor_minecraft/./libraries/net/minecraft/server/1.21.11/server-1.21.11-mappings.txt
Downloaded Mojang mappings for 1.21.11
===============================================================================
Processor: net.neoforged.installertools:installertools -> PROCESS_MINECRAFT_JAR
  MainClass: net.neoforged.installertools.ConsoleTool
  Classpath:
    /workspaces/gaga_ga/servidor_minecraft/./libraries/net/neoforged/installertools/installertools/4.0.6/installertools-4.0.6-fatjar.jar
    /workspaces/gaga_ga/servidor_minecraft/./libraries/net/neoforged/installertools/installertools/4.0.6/installertools-4.0.6-fatjar.jar
  Args: --task, PROCESS_MINECRAFT_JAR, --input, /workspaces/gaga_ga/servidor_minecraft/./libraries/net/minecraft/server/1.21.11/server-1.21.11.jar, --input-mappings, /workspaces/gaga_ga/servidor_minecraft/./libraries/net/minecraft/server/1.21.11/server-1.21.11-mappings.txt, --output, /workspaces/gaga_ga/servidor_minecraft/./libraries/net/neoforged/minecraft-server-patched/21.11.42/minecraft-server-patched-21.11.42.jar, --extract-libraries-to, /workspaces/gaga_ga/servidor_minecraft/./libraries/, --neoform-data, /workspaces/gaga_ga/servidor_minecraft/./libraries/net/neoforged/neoform/1.21.11-20251209.172050/neoform-1.21.11-20251209.172050-mappings.tsrg.lzma, --apply-patches, /tmp/neoforge_installer14254239776374140275/data/client.lzma
Task: PROCESS_MINECRAFT_JAR
load parameter mappings [1032ms]
load mappings [1768ms]
load patch bundle [1157ms]
merge mappings [594ms]
load input zip [2625ms]
Adding Libraries to Inheritance
Processor: net.neoforged.installertools:installertools -> PROCESS_MINECRAFT_JAR: Processing entries
Adding input to inheritance map
Processing 14729 entries
Adding extras
Sorting
deobfuscate jar [3964ms]
applying patches [481ms]
write output file [1479ms]
overall work [8569ms]
Downloading library from https://github.com/NeoForged/serverstarterjar/releases/latest/download/server.jar
Following redirect: https://github.com/NeoForged/serverstarterjar/releases/download/0.1.34/server.jar
Following redirect: https://release-assets.githubusercontent.com/github-production-release-asset/822299124/fbb691f7-57c1-4ec4-badd-db35a217183c?sp=r&sv=2018-11-09&sr=b&spr=https&se=2026-05-31T18%3A26%3A50Z&rscd=attachment%3B+filename%3Dserver.jar&rsct=application%2Foctet-stream&skoid=96c2d410-5711-43a1-aedd-ab1947aa7ab0&sktid=398a6654-997b-47e9-b12b-9515b896b4de&skt=2026-05-31T17%3A26%3A04Z&ske=2026-05-31T18%3A26%3A50Z&sks=b&skv=2018-11-09&sig=hmcn4L7fKSa5aIse17cfKAA%2BZo4Rva0TsWAb66hIjTw%3D&jwt=eyJ0eXAiOiJKV1QiLCJhbGciOiJIUzI1NiJ9.eyJpc3MiOiJnaXRodWIuY29tIiwiYXVkIjoicmVsZWFzZS1hc3NldHMuZ2l0aHVidXNlcmNvbnRlbnQuY29tIiwia2V5Ijoia2V5MSIsImV4cCI6MTc4MDI1MDEzNywibmJmIjoxNzgwMjQ5ODM3LCJwYXRoIjoicmVsZWFzZWFzc2V0cHJvZHVjdGlvbi5ibG9iLmNvcmUud2luZG93cy5uZXQifQ.o2dGVUfTbCEGRGQx_e_S0XwNGgLqv9CVldWQou3Am-o&response-content-disposition=attachment%3B%20filename%3Dserver.jar&response-content-type=application%2Foctet-stream
	Download completed: No checksum, Assuming valid.
The server installed successfully
You can delete this installer file now if you wish
