[11Jun2026 00:01:15.689] [Server thread/INFO] [net.minecraft.server.MinecraftServer/]: MayEL1207 was shot by Skeleton
[11Jun2026 00:02:27.954] [Server thread/INFO] [net.minecraft.server.MinecraftServer/]: MayEL1207 was shot by Skeleton
[11Jun2026 00:05:13.641] [Server thread/INFO] [net.minecraft.server.MinecraftServer/]: MayEL1207 has made the advancement [Stone Age]
[11Jun2026 00:08:56.988] [Server thread/INFO] [net.minecraft.server.MinecraftServer/]: jinco98 has made the advancement [Ice Bucket Challenge]
[11Jun2026 00:13:23.472] [Server thread/INFO] [net.minecraft.server.MinecraftServer/]: jinco98 was slain by MayEL1207
[11Jun2026 00:17:36.546] [Server thread/INFO] [net.minecraft.server.MinecraftServer/]: jinco98 has made the advancement [We Need to Go Deeper]
[11Jun2026 00:17:38.731] [Server thread/WARN] [net.minecraft.server.MinecraftServer/]: Can't keep up! Is the server overloaded? Running 4059ms or 81 ticks behind
[11Jun2026 00:17:39.578] [Server thread/INFO] [net.minecraft.server.MinecraftServer/]: MayEL1207 has made the advancement [We Need to Go Deeper]
[11Jun2026 00:18:53.087] [Server thread/INFO] [net.minecraft.server.MinecraftServer/]: MayEL1207 has made the advancement [Not Today, Thank You]
[11Jun2026 00:24:23.234] [Server thread/INFO] [net.minecraft.server.MinecraftServer/]: MayEL1207 was slain by Zombie
[11Jun2026 00:24:45.591] [Server thread/INFO] [net.minecraft.server.MinecraftServer/]: jinco98 was slain by Zombie
[11Jun2026 00:33:16.034] [Server thread/INFO] [net.minecraft.server.MinecraftServer/]: MayEL1207 has made the advancement [A Terrible Fortress]
[11Jun2026 00:33:16.284] [Server thread/INFO] [net.minecraft.server.MinecraftServer/]: jinco98 has made the advancement [A Terrible Fortress]
[11Jun2026 00:34:10.186] [Server thread/INFO] [net.minecraft.server.MinecraftServer/]: MayEL1207 was slain by Magma Cube
[11Jun2026 00:34:36.789] [Server thread/INFO] [net.minecraft.server.MinecraftServer/]: MayEL1207 was slain by Piglin
[11Jun2026 00:36:29.837] [Server thread/INFO] [net.minecraft.server.MinecraftServer/]: MayEL1207 was shot by Piglin
[11Jun2026 00:37:32.644] [Server thread/INFO] [net.minecraft.server.MinecraftServer/]: [S4lamand4r: Triggered [sgrave.list] (set value to 1)]
[11Jun2026 00:39:53.880] [Server thread/INFO] [fr.rakambda.fallingtree.common.tree.breaking.ToolDamageHandler/]: Tree reached max size of 100
[11Jun2026 00:39:56.579] [Server thread/INFO] [fr.rakambda.fallingtree.common.tree.breaking.ToolDamageHandler/]: Tree reached max size of 100
[11Jun2026 00:39:59.478] [Server thread/INFO] [fr.rakambda.fallingtree.common.tree.breaking.ToolDamageHandler/]: Tree reached max size of 100
[11Jun2026 00:40:00.178] [Server thread/INFO] [fr.rakambda.fallingtree.common.tree.breaking.ToolDamageHandler/]: Tree reached max size of 100
[11Jun2026 00:40:01.478] [Server thread/INFO] [fr.rakambda.fallingtree.common.tree.breaking.ToolDamageHandler/]: Tree reached max size of 100
[11Jun2026 00:43:09.834] [Server thread/INFO] [net.minecraft.server.network.ServerGamePacketListenerImpl/]: S4lamand4r lost connection: Disconnected
[11Jun2026 00:43:09.835] [Server thread/INFO] [net.minecraft.server.MinecraftServer/]: S4lamand4r left the game
[11Jun2026 00:43:29.122] [Server thread/INFO] [net.minecraft.server.MinecraftServer/]: MayEL1207 has made the advancement [Monster Hunter]
[11Jun2026 00:44:22.335] [Server thread/INFO] [net.minecraft.server.MinecraftServer/]: jinco98 was burned to a crisp while fighting Blaze
[11Jun2026 00:47:28.930] [Server thread/INFO] [net.minecraft.server.MinecraftServer/]: MayEL1207 was shot by Skeleton
[11Jun2026 00:50:46.931] [Server thread/INFO] [net.minecraft.server.MinecraftServer/]: MayEL1207 was slain by Wither Skeleton
[11Jun2026 00:54:54.035] [Server thread/INFO] [net.minecraft.server.MinecraftServer/]: MayEL1207 was slain by Wither Skeleton
[11Jun2026 00:55:41.935] [Server thread/INFO] [net.minecraft.server.MinecraftServer/]: jinco98 was slain by Zombified Piglin
[11Jun2026 00:55:48.147] [Server thread/INFO] [net.minecraft.server.MinecraftServer/]: MayEL1207 was slain by Piglin
[11Jun2026 00:55:54.712] [Server thread/WARN] [net.minecraft.server.MinecraftServer/]: Can't keep up! Is the server overloaded? Running 3640ms or 72 ticks behind
[11Jun2026 00:57:00.081] [Server thread/INFO] [net.minecraft.server.MinecraftServer/]: MayEL1207 was slain by Piglin
[11Jun2026 00:58:54.090] [Server thread/INFO] [net.minecraft.server.MinecraftServer/]: MayEL1207 tried to swim in lava to escape Wither Skeleton
[11Jun2026 00:59:15.036] [Server thread/INFO] [net.minecraft.server.MinecraftServer/]: jinco98 was shot by Skeleton
[11Jun2026 01:00:28.986] [Server thread/INFO] [net.minecraft.server.MinecraftServer/]: MayEL1207 tried to swim in lava
[11Jun2026 01:06:19.786] [Server thread/INFO] [net.minecraft.server.MinecraftServer/]: MayEL1207 tried to swim in lava
[11Jun2026 01:06:56.193] [Server thread/INFO] [net.minecraft.server.MinecraftServer/]: jinco98 burned to death
[11Jun2026 01:09:06.033] [Server thread/INFO] [net.minecraft.server.MinecraftServer/]: MayEL1207 was slain by Wither Skeleton
[11Jun2026 01:09:07.492] [Server thread/INFO] [net.minecraft.server.MinecraftServer/]: jinco98 was slain by Wither Skeleton
[11Jun2026 01:13:13.493] [Server thread/INFO] [net.minecraft.server.MinecraftServer/]: jinco98 tried to swim in lava to escape MayEL1207
[11Jun2026 01:13:29.092] [Server thread/INFO] [net.minecraft.server.MinecraftServer/]: MayEL1207 tried to swim in lava
[11Jun2026 01:14:04.934] [Server thread/INFO] [net.minecraft.server.MinecraftServer/]: MayEL1207 was slain by Piglin
[11Jun2026 01:14:17.436] [Server thread/INFO] [net.minecraft.server.MinecraftServer/]: jinco98 was slain by Piglin
[11Jun2026 01:14:33.585] [Server thread/INFO] [net.minecraft.server.MinecraftServer/]: MayEL1207 was slain by Piglin
[11Jun2026 01:14:41.137] [Server thread/INFO] [net.minecraft.server.MinecraftServer/]: jinco98 was slain by Piglin
[11Jun2026 01:14:51.786] [Server thread/INFO] [net.minecraft.server.MinecraftServer/]: MayEL1207 was slain by Piglin
[11Jun2026 01:15:09.236] [Server thread/INFO] [net.minecraft.server.MinecraftServer/]: MayEL1207 was slain by Piglin
[11Jun2026 01:15:28.773] [Server thread/INFO] [net.minecraft.server.MinecraftServer/]: jinco98 was doomed to fall by Piglin
[11Jun2026 01:16:43.593] [Server thread/INFO] [net.minecraft.server.MinecraftServer/]: jinco98 was shot by Skeleton
[11Jun2026 01:16:55.541] [Server thread/INFO] [net.minecraft.server.MinecraftServer/]: MayEL1207 was shot by Skeleton
[11Jun2026 01:19:11.388] [Server thread/INFO] [net.minecraft.server.MinecraftServer/]: jinco98 was shot by Skeleton
[11Jun2026 01:21:17.289] [Server thread/INFO] [net.minecraft.server.MinecraftServer/]: jinco98 was slain by Wither Skeleton
[11Jun2026 01:21:38.993] [Server thread/INFO] [net.minecraft.server.MinecraftServer/]: MayEL1207 was slain by Wither Skeleton
[11Jun2026 01:23:19.346] [Server thread/INFO] [net.minecraft.server.MinecraftServer/]: MayEL1207 was slain by Magma Cube
[11Jun2026 01:23:52.593] [Server thread/INFO] [net.minecraft.server.MinecraftServer/]: jinco98 was slain by Magma Cube
[11Jun2026 01:25:49.195] [Server thread/INFO] [net.minecraft.server.MinecraftServer/]: MayEL1207 was slain by Wither Skeleton
[11Jun2026 01:27:51.796] [Server thread/INFO] [net.minecraft.server.MinecraftServer/]: MayEL1207 tried to swim in lava
[11Jun2026 01:29:26.104] [Server thread/INFO] [net.minecraft.server.MinecraftServer/]: jinco98 was slain by Wither Skeleton
[11Jun2026 01:30:37.943] [Server thread/INFO] [net.minecraft.server.MinecraftServer/]: MayEL1207 was shot by Skeleton
[11Jun2026 01:30:43.249] [Server thread/INFO] [net.minecraft.server.MinecraftServer/]: jinco98 was shot by Skeleton
[11Jun2026 01:30:54.373] [Server thread/INFO] [net.minecraft.server.MinecraftServer/]: MayEL1207 was slain by jinco98
[11Jun2026 01:32:33.623] [Server thread/INFO] [net.minecraft.server.MinecraftServer/]: jinco98 was slain by MayEL1207
[11Jun2026 01:33:22.722] [Server thread/INFO] [net.minecraft.server.MinecraftServer/]: MayEL1207 was slain by jinco98
[11Jun2026 01:35:05.922] [Server thread/INFO] [net.minecraft.server.MinecraftServer/]: jinco98 was slain by MayEL1207
[11Jun2026 01:35:54.587] [Server thread/INFO] [net.minecraft.server.MinecraftServer/]: MayEL1207 was shot by Skeleton
[11Jun2026 01:38:05.023] [Server thread/INFO] [net.minecraft.server.MinecraftServer/]: jinco98 was slain by MayEL1207
[11Jun2026 01:39:03.322] [Server thread/INFO] [net.minecraft.server.MinecraftServer/]: MayEL1207 was slain by jinco98
[11Jun2026 01:39:40.856] [Server thread/INFO] [net.minecraft.server.MinecraftServer/]: jinco98 drowned
[11Jun2026 01:40:47.991] [Server thread/INFO] [net.minecraft.server.MinecraftServer/]: MayEL1207 drowned while trying to escape jinco98
[11Jun2026 01:41:18.092] [Server thread/INFO] [net.minecraft.server.MinecraftServer/]: MayEL1207 was blown up by Creeper
[11Jun2026 01:41:55.492] [Server thread/INFO] [net.minecraft.server.MinecraftServer/]: jinco98 was slain by Zombie
[11Jun2026 01:42:09.692] [Server thread/INFO] [net.minecraft.server.MinecraftServer/]: jinco98 was blown up by Creeper
[11Jun2026 01:42:34.172] [Server thread/INFO] [net.minecraft.server.MinecraftServer/]: MayEL1207 was slain by jinco98
[11Jun2026 01:42:57.893] [Server thread/INFO] [net.minecraft.server.MinecraftServer/]: jinco98 was shot by Skeleton
[11Jun2026 01:43:18.193] [Server thread/INFO] [net.minecraft.server.MinecraftServer/]: jinco98 was shot by Skeleton
[11Jun2026 01:43:47.676] [Server thread/INFO] [net.minecraft.server.MinecraftServer/]: jinco98 was shot by Skeleton
[11Jun2026 01:47:39.407] [Server thread/INFO] [net.minecraft.server.MinecraftServer/]: jinco98 was shot by Skeleton
[11Jun2026 01:47:42.695] [Server thread/INFO] [net.minecraft.server.network.ServerGamePacketListenerImpl/]: jinco98 lost connection: Disconnected
[11Jun2026 01:47:42.695] [Server thread/INFO] [net.minecraft.server.MinecraftServer/]: jinco98 left the game
[11Jun2026 01:47:44.395] [Server thread/INFO] [net.minecraft.server.MinecraftServer/]: MayEL1207 drowned while trying to escape Skeleton
[11Jun2026 01:47:48.094] [Server thread/INFO] [net.minecraft.server.network.ServerGamePacketListenerImpl/]: MayEL1207 lost connection: Disconnected
[11Jun2026 01:47:48.094] [Server thread/INFO] [net.minecraft.server.MinecraftServer/]: MayEL1207 left the game
[11Jun2026 01:48:48.071] [Server thread/INFO] [net.minecraft.server.MinecraftServer/]: Server empty for 60 seconds, pausing
